Test 1 pass
Test 2 pass
Test 3 pass
Test 4 pass
Test 5 pass
Test 6 pass
Test 7 pass
Test 8 pass
Test 9 pass
Test 10 pass
