AAa11 AAa21 AAa31 AAa12 AAa22 AAa32 AAa13 AAa23 AAa33
